                                                [DG]
                                                 |
     [C ]                                  [H ]-[RG]-[P ]
       |                                         |
[CG]-[R ]-[T ]                             [S ]-[RG]-[H ]
       |                                         |
     [R ]  [N ]                            [H ]-[RG]-[H ]
       \  /                                      |
      [TP]   [H ] [B ] [H ] [H ] [I ] [H ] [F ]-[RG]-[H ] [G ] [H ] [SS] [D ]
        \     |    |    |    |    |    |    |    |    |    |    |    |    |
        [RB]-[RB]-[RB]-[RB]-[RB]-[RB]-[RB]-[RB]-[RB]-[RB]-[RB]-[RB]-[BC]-[D ]
         |    |    |    |    |    |    |    |    |    |    |    |         |
        [H ] [A ] [H ] [H ] [M ] [H ] [RM]-[J ] [H ] [PO] [H ] [H ]      [D ]
                                       |              |
                                 [H ]-[RM]-[H ]      [MH]
                                       |
                                      [RM]-[H ]
                                       |
                                 [CG]-[RM]-[PS]
                                       | 
                                      [RM]-[H ]
                                       |
                                      [RM]-[I ]
                                       |
                                      [P ]

A  = Adventurers Guild                        MH = Money Handlers (Bank)
B  = Barony (super store)                     N  = Newbie store
BC = Beach                                    P  = Pub
C  = Cemetary gates                           PO = Post Office
CG = City Gates                               PS = Psionicist guild
D  = Docks                                    R  = Road
DG = Gate in the dome covering Wayfare City.  RB = Burundia Road
F  = Fledgling adv. guild (donation room)     RM = M'nochan Road
G  = Grocery store                            RG = Gaveter Road
J  = Jeweler                                  S  = Smithy
H  = Home                                     SS = Ship shop
I  = Inn                                      T  = Temple of Mitra
M  = Mercenary guild                          TP = Town Plaza
